%!Adobe-FontList 1.25
%Locale:0x409

%BeginFont
Handler:DirectoryHandler
FontType:Invalid
OutlineFileName:/Volumes/LaCie/_Boulot/_Pro/MS-Reflect/Site/Dossier site-MSReflect/Document fonts/AdobeFnt25.lst
FileLength:3096
FileModTime:803832056
%EndFont

%BeginFont
Handler:DirectoryHandler
FontType:Type1
FontName:Antenna-Bold
FamilyName:Antenna
StyleName:Bold
MenuName:Antenna
StyleBits:2
WeightClass:700
WidthClass:5
AngleClass:0
FullName:Antenna Bold
WritingScript:Roman
OutlineFileName:/Volumes/LaCie/_Boulot/_Pro/MS-Reflect/Site/Dossier site-MSReflect/Document fonts/Antenna Bold.otf
DataFormat:sfntData
UsesStandardEncoding:yes
isCFF:yes
hasSVG:no
hasSBIX:no
hasCOLR:no
VariableFontType:NonVariableFont
FileLength:69744
FileModTime:580268208
NameArray:0,Mac,4,Antenna Bold
NameArray:0,Win,1,Antenna
%EndFont

%BeginFont
Handler:DirectoryHandler
FontType:Type1
FontName:Antenna-LightItalic
FamilyName:Antenna
StyleName:Light Italic
MenuName:Antenna Light
StyleBits:1
WeightClass:300
WidthClass:5
AngleClass:1
FullName:Antenna Light Italic
WritingScript:Roman
OutlineFileName:/Volumes/LaCie/_Boulot/_Pro/MS-Reflect/Site/Dossier site-MSReflect/Document fonts/Antenna Light Italic.otf
DataFormat:sfntData
UsesStandardEncoding:yes
isCFF:yes
hasSVG:no
hasSBIX:no
hasCOLR:no
VariableFontType:NonVariableFont
FileLength:62580
FileModTime:580268240
NameArray:0,Mac,4,Antenna Light Italic
NameArray:0,Win,1,Antenna Light
NameArray:0,Win,16,Antenna
%EndFont

%BeginFont
Handler:DirectoryHandler
FontType:Type1
FontName:Antenna-Light
FamilyName:Antenna
StyleName:Light
MenuName:Antenna Light
StyleBits:0
WeightClass:300
WidthClass:5
AngleClass:0
FullName:Antenna Light
WritingScript:Roman
OutlineFileName:/Volumes/LaCie/_Boulot/_Pro/MS-Reflect/Site/Dossier site-MSReflect/Document fonts/Antenna Light.otf
DataFormat:sfntData
UsesStandardEncoding:yes
isCFF:yes
hasSVG:no
hasSBIX:no
hasCOLR:no
VariableFontType:NonVariableFont
FileLength:67260
FileModTime:580268212
NameArray:0,Mac,4,Antenna Light
NameArray:0,Win,1,Antenna Light
NameArray:0,Win,16,Antenna
%EndFont

%BeginFont
Handler:DirectoryHandler
FontType:TrueType
FontName:ArialMT
FamilyName:Arial
StyleName:Regular
MenuName:Arial
StyleBits:0
WeightClass:400
WidthClass:5
AngleClass:0
FullName:Arial
WritingScript:Roman
OutlineFileName:/Volumes/LaCie/_Boulot/_Pro/MS-Reflect/Site/Dossier site-MSReflect/Document fonts/Arial.ttf
DataFormat:sfntData
hasSVG:no
hasSBIX:no
hasCOLR:no
VariableFontType:NonVariableFont
FileLength:773236
FileModTime:720657896
NameArray:0,Mac,4,Arial
NameArray:0,Win,1,Arial
%EndFont

%BeginFont
Handler:DirectoryHandler
FontType:TrueType
FontName:Wingdings3
FamilyName:Wingdings 3
StyleName:Regular
MenuName:Wingdings 3
StyleBits:0
WeightClass:400
WidthClass:5
AngleClass:0
FullName:Wingdings 3
WritingScript:Roman
OutlineFileName:/Volumes/LaCie/_Boulot/_Pro/MS-Reflect/Site/Dossier site-MSReflect/Document fonts/Wingdings 3.ttf
DataFormat:sfntData
hasSVG:no
hasSBIX:no
hasCOLR:no
VariableFontType:NonVariableFont
FileLength:38308
FileModTime:720657896
NameArray:0,Mac,4,Wingdings 3
NameArray:0,Win,1,Wingdings 3
%EndFont

